// Jest Snapshot v1, https://goo.gl/fbAQLP

exports[`Render Presense Panel with basic options should render 1`] = `
<div>
  TODO! presense panel!!!
</div>
`;
